01:11:40 **** Incremental Build of configuration Release for project SerialBlocks ****
make -j4 all 
arm-none-eabi-gcc "../Core/Src/main.c" -mcpu=cortex-m3 -std=gnu11 -DUSE_HAL_DRIVER -DSTM32F103x6 -c -I../Core/Inc -I../Drivers/STM32F1xx_HAL_Driver/Inc -I../Drivers/STM32F1xx_HAL_Driver/Inc/Legacy -I../Drivers/CMSIS/Device/ST/STM32F1xx/Include -I../Drivers/CMSIS/Include -O3 -ffunction-sections -fdata-sections -Wall -fstack-usage -fcyclomatic-complexity -MMD -MP -MF"Core/Src/main.d" -MT"Core/Src/main.o" --specs=nano.specs -mfloat-abi=soft -mthumb -o "Core/Src/main.o"
arm-none-eabi-gcc -o "SerialBlocks.elf" @"objects.list"   -mcpu=cortex-m3 -T"C:\Users\AhmedIbrahimAmer\GitHub\Microcontrollers-starters\STM32F103C8C6(CubeMX)\SerialBlocks\STM32F103C6TX_FLASH.ld" --specs=nosys.specs -Wl,-Map="SerialBlocks.map" -Wl,--gc-sections -static -u _printf_float --specs=nano.specs -mfloat-abi=soft -mthumb -Wl,--start-group -lc -lm -Wl,--end-group
Finished building target: SerialBlocks.elf
 
arm-none-eabi-size   SerialBlocks.elf 
arm-none-eabi-objdump -h -S  SerialBlocks.elf  > "SerialBlocks.list"
   text	   data	    bss	    dec	    hex	filename
  27860	    476	   2220	  30556	   775c	SerialBlocks.elf
Finished building: default.size.stdout
 
Finished building: SerialBlocks.list
 
arm-none-eabi-objcopy -O ihex SerialBlocks.elf SerialBlocks.hex
 
