22:21:09 **** Build of configuration Release for project STM32F103C8C6 ****
make -j4 all 
arm-none-eabi-gcc "../Core/Src/main.c" -mcpu=cortex-m3 -std=gnu11 -g -DUSE_HAL_DRIVER -DSTM32F103x6 -c -I../Core/Inc -I../Drivers/STM32F1xx_HAL_Driver/Inc -I../Drivers/STM32F1xx_HAL_Driver/Inc/Legacy -I../Drivers/CMSIS/Device/ST/STM32F1xx/Include -I../Drivers/CMSIS/Include -O3 -ffunction-sections -fdata-sections -Wall -fstack-usage -fcyclomatic-complexity -MMD -MP -MF"Core/Src/main.d" -MT"Core/Src/main.o" --specs=nano.specs -mfloat-abi=soft -mthumb -o "Core/Src/main.o"
arm-none-eabi-gcc -o "STM32F103C8C6.elf" @"objects.list"   -mcpu=cortex-m3 -T"C:\Users\AhmedIbrahimAmer\GitHub\SerialBlocks\microcontrollers\STM32F103C8C6\STM32F103C8C6\STM32F103C6TX_FLASH.ld" --specs=nosys.specs -Wl,-Map="STM32F103C8C6.map" -Wl,--gc-sections -static -u _printf_float --specs=nano.specs -mfloat-abi=soft -mthumb -Wl,--start-group -lc -lm -Wl,--end-group
Finished building target: STM32F103C8C6.elf
 
arm-none-eabi-size   STM32F103C8C6.elf 
arm-none-eabi-objdump -h -S  STM32F103C8C6.elf  > "STM32F103C8C6.list"
   text	   data	    bss	    dec	    hex	filename
  27892	    476	   2220	  30588	   777c	STM32F103C8C6.elf
Finished building: default.size.stdout
 
Finished building: STM32F103C8C6.list
 
arm-none-eabi-objcopy -O ihex STM32F103C8C6.elf STM32F103C8C6.hex
 

22:21:11 Build Finished. 0 errors, 0 warnings. (took 1s.488ms)

